         ns       /mp2_cpu/dataout   /mp2_cpu/address           
          delta                      /mp2_cpu/mwriteh_l         
                                       /mp2_cpu/mwritel_l       
          0  +0               XXXX               XXXX U U 
          0  +1               XXXX               XXXX 1 1 
       8631  +0               01E0               00F4 0 0 
       9175  +2               01E0               00F4 1 1 
      14181  +0               000A               00F6 0 0 
      14725  +2               000A               00F6 1 1 
      17631  +0               4537               00F8 0 0 
      18175  +2               4537               00F8 1 1 
      27681  +0               A342               00FA 0 0 
      28225  +2               A342               00FA 1 1 
      29031  +0               01A1               00FC 0 0 
      29575  +2               01A1               00FC 1 1 
      30381  +0               FE62               00FE 0 0 
      30925  +2               FE62               00FE 1 1 
      32481  +0               0100               0102 0 0 
      33025  +2               0100               0102 1 1 
      35181  +0               FE6F               0100 0 0 
      35725  +2               FE6F               0100 1 1 
      58281  +0               001A               0102 0 0 
      58825  +2               001A               0102 1 1 
      63281  +0               FF9B               0104 0 0 
      63825  +2               FF9B               0104 1 1 
      66881  +0               000D               0106 0 0 
      67425  +2               000D               0106 1 1 
      73831  +0               517A               0108 0 0 
      74375  +2               517A               0108 1 1 
      80131  +0               0133               010A 0 0 
      80675  +2               0133               010A 1 1 
      83731  +0               9090               010D 0 1 
      84275  +2               9090               010D 1 1 
      85081  +0               ACAC               010C 1 0 
      85625  +2               ACAC               010C 1 1 
      87781  +0               90AC               010A 0 0 
      88325  +2               90AC               010A 1 1 
      89881  +0               00F2               0110 0 0 
      90425  +2               00F2               0110 1 1 
      93181  +0               0646               010E 0 0 
      93725  +2               0646               010E 1 1 
      98131  +0               126C               00A2 0 0 
      98675  +2               126C               00A2 1 1 
     100231  +0               000C               0112 0 0 
     100775  +2               000C               0112 1 1 
     104431  +0               AE85               0114 0 0 
     104975  +2               AE85               0114 1 1 
     113631  +0               600D               0116 0 0 
     114175  +2               600D               0116 1 1 
     118031  +0               00D8               0118 0 0 
     118575  +2               00D8               0118 1 1 
